Time resolution is 1 ps
[PASS] TC-10
[PASS] TC-11
[PASS] TC-20
[PASS] TC-21
[PASS] TC-22
[PASS] TC-23
[PASS] TC-31
[PASS] TC-40
[PASS] TC-44
[PASS] TC-60-preload
Error: [TC-60] merge mismatch idx=1 got=6 exp=1
Time: 32380 ns  Iteration: 0  Process: /tb_processing_element_core_demo/run_merge_and_check  Scope: tb_processing_element_core_demo.run_merge_and_check  File: D:/Eyeriss v2 Accelerator/PE/hdl/tb/tb_processing_element_core_demo.sv Line: 498
[PASS] TC-61-preload
[PASS] TC-61
Error: [TC-62] merge mismatch idx=1 got=0 exp=1
Time: 37360 ns  Iteration: 0  Process: /tb_processing_element_core_demo/run_merge_and_check  Scope: tb_processing_element_core_demo.run_merge_and_check  File: D:/Eyeriss v2 Accelerator/PE/hdl/tb/tb_processing_element_core_demo.sv Line: 498
[PASS] TC-70
[PASS] TC-72-preload
Error: TC-72 psum_acc_fin width > 1
Time: 42395 ns  Iteration: 0  Process: /tb_processing_element_core_demo/tc_72_psum_acc_fin_pulse  Scope: tb_processing_element_core_demo.tc_72_psum_acc_fin_pulse  File: D:/Eyeriss v2 Accelerator/PE/hdl/tb/tb_processing_element_core_demo.sv Line: 839
[PASS] TC-72
[PASS] TC-80
------------------------------------------------------
TC-90: Matrix multiply 3-seg x 6-in_row x 4-out_row
  Iact matrix (sparse, segment=col, in_row=row):
           Seg0  Seg1  Seg2
  in_row 0:   1     0     2
  in_row 1:   0     4     0
  in_row 2:   3     0     0
  in_row 3:   0     2     6
  in_row 4:   2     0     0
  in_row 5:   0     5     3
  Weight W[in_row][out_row]:
          out0  out1  out2  out3
  in_row 0:  2     -     5     -
  in_row 1:  -     3     -     7
  in_row 2:  4     -     1     -
  in_row 3:  -     6     -     2
  in_row 4:  8     -     3     -
  in_row 5:  -     1     -     9
  Expected output (segment=row):
  Seg0 psum[0..3]  = [30,  0, 14,  0]
  Seg1 psum[4..7]  = [ 0, 29,  0, 77]
  Seg2 psum[8..11] = [ 4, 39, 10, 39]
------------------------------------------------------
[PASS] TC-90-mac
Error: [TC-90-merge] merge mismatch idx=1 got=30 exp=15
Time: 48400 ns  Iteration: 0  Process: /tb_processing_element_core_demo/run_merge_and_check  Scope: tb_processing_element_core_demo.run_merge_and_check  File: D:/Eyeriss v2 Accelerator/PE/hdl/tb/tb_processing_element_core_demo.sv Line: 498
[PASS] TC-91-pool-1x1 (expected max=42)
[PASS] TC-92-pool-2x2 (expected max=10)
[PASS] TC-93a-pool-win1 (expected max=4)
[PASS] TC-93b-pool-win2 (expected max=9)
[PASS] TC-94-pool-backpressure (delayed pool_out_ready)
================================================
PE demo verification done: PASS=25 FAIL=3
================================================
Fatal: Regression FAILED
Time: 57785 ns  Iteration: 0  Process: /tb_processing_element_core_demo/Initial1230_23  Scope: tb_processing_element_core_demo  File: D:/Eyeriss v2 Accelerator/PE/hdl/tb/tb_processing_element_core_demo.sv Line: 1273
$finish called at time : 57785 ns
