#-----------------------------------------------------------
# Vivado v2024.2 (64-bit)
# SW Build 5239630 on Fri Nov 08 22:35:27 MST 2024
# IP Build 5239520 on Sun Nov 10 16:12:51 MST 2024
# SharedData Build 5239561 on Fri Nov 08 14:39:27 MST 2024
# Start of session at: Wed Mar 25 20:57:47 2026
# Process ID         : 17124
# Current directory  : D:/Eyeriss v2 Accelerator/PE/PE.runs/IP_Psum_DATA_Spad_BRAM_synth_1
# Command line       : vivado.exe -log IP_Psum_DATA_Spad_BRAM.vds -product Vivado -mode batch -messageDb vivado.pb -notrace -source IP_Psum_DATA_Spad_BRAM.tcl
# Log file           : D:/Eyeriss v2 Accelerator/PE/PE.runs/IP_Psum_DATA_Spad_BRAM_synth_1/IP_Psum_DATA_Spad_BRAM.vds
# Journal file       : D:/Eyeriss v2 Accelerator/PE/PE.runs/IP_Psum_DATA_Spad_BRAM_synth_1\vivado.jou
# Running On         : Adrian
# Platform           : Windows Server 2016 or Windows 10
# Operating System   : 26200
# Processor Detail   : AMD Ryzen 7 4800H with Radeon Graphics         
# CPU Frequency      : 2895 MHz
# CPU Physical cores : 8
# CPU Logical cores  : 16
# Host memory        : 16558 MB
# Swap memory        : 7455 MB
# Total Virtual      : 24013 MB
# Available Virtual  : 6409 MB
#-----------------------------------------------------------
source IP_Psum_DATA_Spad_BRAM.tcl -notrace
